../Drivers/CMSIS/Include/core_cm4.h:2059:26:ITM_SendChar	16	static,ignoring_inline_asm
../Core/Src/main.c:128:5:main	40	static
../Core/Src/main.c:262:6:SystemClock_Config	96	static
../Core/Src/main.c:326:13:MX_ADC1_Init	32	static
../Core/Src/main.c:420:13:MX_CRC_Init	8	static
../Core/Src/main.c:451:13:MX_I2C1_Init	8	static
../Core/Src/main.c:499:13:MX_I2C2_Init	8	static
../Core/Src/main.c:547:13:MX_I2C3_Init	8	static
../Core/Src/main.c:595:13:MX_IWDG_Init	8	static
../Core/Src/main.c:624:13:MX_RTC_Init	8	static
../Core/Src/main.c:660:13:MX_SPI1_Init	8	static
../Core/Src/main.c:700:13:MX_TIM1_Init	40	static
../Core/Src/main.c:750:13:MX_TIM2_Init	40	static
../Core/Src/main.c:798:13:MX_TIM6_Init	24	static
../Core/Src/main.c:836:13:MX_TIM7_Init	24	static
../Core/Src/main.c:874:13:MX_TIM16_Init	24	static
../Core/Src/main.c:920:13:MX_USART1_UART_Init	8	static
../Core/Src/main.c:955:13:MX_USART2_UART_Init	8	static
../Core/Src/main.c:988:13:MX_DMA_Init	16	static
../Core/Src/main.c:1009:13:MX_GPIO_Init	48	static
../Core/Src/main.c:1111:5:_write	32	static
../Core/Src/main.c:1122:6:HAL_UARTEx_RxEventCallback	16	static
../Core/Src/main.c:1168:6:HAL_ADC_ConvCpltCallback	16	static
../Core/Src/main.c:1186:6:JumpToBootloader	56	static,ignoring_inline_asm
../Core/Src/main.c:1246:6:SWV_Init	4	static
../Core/Src/main.c:1260:6:Error_Handler	4	static,ignoring_inline_asm
