../Core/Src/main.c:101:5:main	24	static
../Core/Src/main.c:206:6:SystemClock_Config	96	static
../Core/Src/main.c:270:13:MX_ADC1_Init	32	static
../Core/Src/main.c:328:13:MX_I2C1_Init	8	static
../Core/Src/main.c:376:13:MX_I2C2_Init	8	static
../Core/Src/main.c:424:13:MX_I2C3_Init	8	static
../Core/Src/main.c:472:13:MX_SPI1_Init	8	static
../Core/Src/main.c:512:13:MX_TIM1_Init	40	static
../Core/Src/main.c:562:13:MX_TIM2_Init	40	static
../Core/Src/main.c:610:13:MX_TIM16_Init	24	static
../Core/Src/main.c:656:13:MX_USART1_UART_Init	8	static
../Core/Src/main.c:691:13:MX_USART2_UART_Init	8	static
../Core/Src/main.c:724:13:MX_DMA_Init	16	static
../Core/Src/main.c:742:13:MX_GPIO_Init	48	static
../Core/Src/main.c:830:5:_write	32	static
../Core/Src/main.c:835:6:HAL_UARTEx_RxEventCallback	16	static
../Core/Src/main.c:885:6:JumpToBootloader	56	static,ignoring_inline_asm
../Core/Src/main.c:950:6:Error_Handler	4	static,ignoring_inline_asm
