13:11:50 **** Incremental Build of configuration Debug for project JAIA_BIO-PAYLOAD ****
make -j20 all 
arm-none-eabi-size  JAIA_BIO-PAYLOAD.elf 
   text	   data	    bss	    dec	    hex	filename
  92092	    500	  13480	 106072	  19e58	JAIA_BIO-PAYLOAD.elf
Finished building: default.size.stdout
 
13:11:53 **** Incremental Build of configuration Debug for project JAIA_BIO-PAYLOAD ****
make -j20 all 
arm-none-eabi-size  JAIA_BIO-PAYLOAD.elf 
   text	   data	    bss	    dec	    hex	filename
  92092	    500	  13480	 106072	  19e58	JAIA_BIO-PAYLOAD.elf
Finished building: default.size.stdout
 
13:31:23 **** Incremental Build of configuration Debug for project JAIA_BIO-PAYLOAD ****
make -j20 all 
arm-none-eabi-gcc "../Core/Src/main.c" -mcpu=cortex-m4 -std=gnu11 -g3 -DDEBUG -DUSE_HAL_DRIVER -DSTM32L433xx -c -I../Core/Inc -I../Drivers/STM32L4xx_HAL_Driver/Inc -I../Drivers/STM32L4xx_HAL_Driver/Inc/Legacy -I../Drivers/CMSIS/Device/ST/STM32L4xx/Include -I../Drivers/CMSIS/Include -I../Core/ -I../Core/nanopb/ -O0 -ffunction-sections -fdata-sections -Wall -fstack-usage -fcyclomatic-complexity -MMD -MP -MF"Core/Src/main.d" -MT"Core/Src/main.o" --specs=nano.specs -mfpu=fpv4-sp-d16 -mfloat-abi=hard -mthumb -o "Core/Src/main.o"
../Core/Src/main.c: In function 'process_sensor_request':
../Core/Src/main.c:483:70: error: 'buffer_cobs' undeclared (first use in this function)
  483 |       HAL_StatusTypeDef transmit_status = HAL_UART_Transmit(&huart2, buffer_cobs, len_cobs, HAL_MAX_DELAY);
      |                                                                      ^~~~~~~~~~~
../Core/Src/main.c:483:70: note: each undeclared identifier is reported only once for each function it appears in
../Core/Src/main.c:483:83: error: 'len_cobs' undeclared (first use in this function)
  483 |       HAL_StatusTypeDef transmit_status = HAL_UART_Transmit(&huart2, buffer_cobs, len_cobs, HAL_MAX_DELAY);
      |                                                                                   ^~~~~~~~
../Core/Src/main.c:483:25: warning: unused variable 'transmit_status' [-Wunused-variable]
  483 |       HAL_StatusTypeDef transmit_status = HAL_UART_Transmit(&huart2, buffer_cobs, len_cobs, HAL_MAX_DELAY);
      |                         ^~~~~~~~~~~~~~~
../Core/Src/main.c: In function 'startCalibration':
../Core/Src/main.c:591:12: warning: too many arguments for format [-Wformat-extra-args]
  591 |     printf("SENSOR: %d\r\n", i, Sensors[i]);
      |            ^~~~~~~~~~~~~~~~
../Core/Src/main.c: In function 'transmit_sensor_data':
../Core/Src/main.c:633:3: warning: implicit declaration of function 'COBSStuffData' [-Wimplicit-function-declaration]
  633 |   COBSStuffData(buffer, message_length + bytes_in_crc32, buffer_cobs);
      |   ^~~~~~~~~~~~~
../Core/Src/main.c:645:21: warning: unused variable 'transmit_status' [-Wunused-variable]
  645 |   HAL_StatusTypeDef transmit_status = HAL_UART_Transmit(&huart2, buffer_cobs, len_cobs, HAL_MAX_DELAY);
      |                     ^~~~~~~~~~~~~~~
../Core/Src/main.c: In function 'transmit_atlas_scientific_ec_data':
../Core/Src/main.c:706:14: warning: variable 'sensor_data' set but not used [-Wunused-but-set-variable]
  706 |   SensorData sensor_data = jaiabot_sensor_protobuf_SensorData_init_zero;
      |              ^~~~~~~~~~~
../Core/Src/main.c: In function 'transmit_atlas_scientific_do_data':
../Core/Src/main.c:727:14: warning: variable 'sensor_data' set but not used [-Wunused-but-set-variable]
  727 |   SensorData sensor_data = jaiabot_sensor_protobuf_SensorData_init_zero;
      |              ^~~~~~~~~~~
../Core/Src/main.c: In function 'transmit_atlas_scientific_ph_data':
../Core/Src/main.c:748:14: warning: variable 'sensor_data' set but not used [-Wunused-but-set-variable]
  748 |   SensorData sensor_data = jaiabot_sensor_protobuf_SensorData_init_zero;
      |              ^~~~~~~~~~~
../Core/Src/main.c: In function 'transmit_blue_robotics_bar30_data':
../Core/Src/main.c:769:14: warning: variable 'sensor_data' set but not used [-Wunused-but-set-variable]
  769 |   SensorData sensor_data = jaiabot_sensor_protobuf_SensorData_init_zero;
      |              ^~~~~~~~~~~
../Core/Src/main.c: In function 'transmit_turner_c_fluor_data':
../Core/Src/main.c:795:14: warning: variable 'sensor_data' set but not used [-Wunused-but-set-variable]
  795 |   SensorData sensor_data = jaiabot_sensor_protobuf_SensorData_init_zero;
      |              ^~~~~~~~~~~
../Core/Src/main.c: In function 'transmit_aml_data':
../Core/Src/main.c:830:21: warning: unused variable 'transmit_status' [-Wunused-variable]
  830 |   HAL_StatusTypeDef transmit_status = HAL_UART_Transmit(&huart2, uart1txbuff, sizeof(uart1txbuff), HAL_MAX_DELAY);
      |                     ^~~~~~~~~~~~~~~
../Core/Src/main.c: In function 'HAL_UARTEx_RxEventCallback':
../Core/Src/main.c:1600:29: warning: pointer targets in passing argument 1 of 'strcpy' differ in signedness [-Wpointer-sign]
 1600 |       strcpy(uQueue.msgQueue[uQueue.wIndex], uartrxbuff);
      |              ~~~~~~~~~~~~~~~^~~~~~~~~~~~~~~
      |                             |
      |                             uint8_t * {aka unsigned char *}
In file included from ../Core/Inc/command.h:14,
                 from ../Core/Inc/main.h:35,
                 from ../Core/Src/main.c:20:
C:\ST\STM32CubeIDE_2.0.0\STM32CubeIDE\plugins\com.st.stm32cube.ide.mcu.externaltools.gnu-tools-for-stm32.13.3.rel1.win32_1.0.100.202509120712\tools\bin/../lib/gcc/arm-none-eabi/13.3.1/../../../../arm-none-eabi/include/string.h:38:18: note: expected 'char * restrict' but argument is of type 'uint8_t *' {aka 'unsigned char *'}
   38 | char    *strcpy (char *__restrict, const char *__restrict);
      |                  ^
../Core/Src/main.c:1600:46: warning: pointer targets in passing argument 2 of 'strcpy' differ in signedness [-Wpointer-sign]
 1600 |       strcpy(uQueue.msgQueue[uQueue.wIndex], uartrxbuff);
      |                                              ^~~~~~~~~~
      |                                              |
      |                                              uint8_t * {aka unsigned char *}
C:\ST\STM32CubeIDE_2.0.0\STM32CubeIDE\plugins\com.st.stm32cube.ide.mcu.externaltools.gnu-tools-for-stm32.13.3.rel1.win32_1.0.100.202509120712\tools\bin/../lib/gcc/arm-none-eabi/13.3.1/../../../../arm-none-eabi/include/string.h:38:36: note: expected 'const char * restrict' but argument is of type 'uint8_t *' {aka 'unsigned char *'}
   38 | char    *strcpy (char *__restrict, const char *__restrict);
      |                                    ^
../Core/Src/main.c: In function 'jumpToBootloader':
../Core/Src/main.c:1667:14: warning: unused variable 'errorCode' [-Wunused-variable]
 1667 |     uint32_t errorCode = HAL_FLASH_GetError();
      |              ^~~~~~~~~
../Core/Src/main.c:1678:14: warning: unused variable 'errorCode' [-Wunused-variable]
 1678 |     uint32_t errorCode = HAL_FLASH_GetError();
      |              ^~~~~~~~~
make: *** [Core/Src/subdir.mk:52: Core/Src/main.o] Error 1
"make -j20 all" terminated with exit code 2. Build might be incomplete.
13:31:48 **** Incremental Build of configuration Debug for project JAIA_BIO-PAYLOAD ****
make -j20 all 
arm-none-eabi-gcc "../Core/Src/main.c" -mcpu=cortex-m4 -std=gnu11 -g3 -DDEBUG -DUSE_HAL_DRIVER -DSTM32L433xx -c -I../Core/Inc -I../Drivers/STM32L4xx_HAL_Driver/Inc -I../Drivers/STM32L4xx_HAL_Driver/Inc/Legacy -I../Drivers/CMSIS/Device/ST/STM32L4xx/Include -I../Drivers/CMSIS/Include -I../Core/ -I../Core/nanopb/ -O0 -ffunction-sections -fdata-sections -Wall -fstack-usage -fcyclomatic-complexity -MMD -MP -MF"Core/Src/main.d" -MT"Core/Src/main.o" --specs=nano.specs -mfpu=fpv4-sp-d16 -mfloat-abi=hard -mthumb -o "Core/Src/main.o"
../Core/Src/main.c: In function 'process_sensor_request':
../Core/Src/main.c:483:25: warning: unused variable 'transmit_status' [-Wunused-variable]
  483 |       HAL_StatusTypeDef transmit_status = HAL_UART_Transmit(&huart2, uart1txbuff, sizeof(uart1txbuff), HAL_MAX_DELAY);
      |                         ^~~~~~~~~~~~~~~
../Core/Src/main.c: In function 'startCalibration':
../Core/Src/main.c:591:12: warning: too many arguments for format [-Wformat-extra-args]
  591 |     printf("SENSOR: %d\r\n", i, Sensors[i]);
      |            ^~~~~~~~~~~~~~~~
../Core/Src/main.c: In function 'transmit_sensor_data':
../Core/Src/main.c:633:3: warning: implicit declaration of function 'COBSStuffData' [-Wimplicit-function-declaration]
  633 |   COBSStuffData(buffer, message_length + bytes_in_crc32, buffer_cobs);
      |   ^~~~~~~~~~~~~
../Core/Src/main.c:645:21: warning: unused variable 'transmit_status' [-Wunused-variable]
  645 |   HAL_StatusTypeDef transmit_status = HAL_UART_Transmit(&huart2, buffer_cobs, len_cobs, HAL_MAX_DELAY);
      |                     ^~~~~~~~~~~~~~~
../Core/Src/main.c: In function 'transmit_atlas_scientific_ec_data':
../Core/Src/main.c:706:14: warning: variable 'sensor_data' set but not used [-Wunused-but-set-variable]
  706 |   SensorData sensor_data = jaiabot_sensor_protobuf_SensorData_init_zero;
      |              ^~~~~~~~~~~
../Core/Src/main.c: In function 'transmit_atlas_scientific_do_data':
../Core/Src/main.c:727:14: warning: variable 'sensor_data' set but not used [-Wunused-but-set-variable]
  727 |   SensorData sensor_data = jaiabot_sensor_protobuf_SensorData_init_zero;
      |              ^~~~~~~~~~~
../Core/Src/main.c: In function 'transmit_atlas_scientific_ph_data':
../Core/Src/main.c:748:14: warning: variable 'sensor_data' set but not used [-Wunused-but-set-variable]
  748 |   SensorData sensor_data = jaiabot_sensor_protobuf_SensorData_init_zero;
      |              ^~~~~~~~~~~
../Core/Src/main.c: In function 'transmit_blue_robotics_bar30_data':
../Core/Src/main.c:769:14: warning: variable 'sensor_data' set but not used [-Wunused-but-set-variable]
  769 |   SensorData sensor_data = jaiabot_sensor_protobuf_SensorData_init_zero;
      |              ^~~~~~~~~~~
../Core/Src/main.c: In function 'transmit_turner_c_fluor_data':
../Core/Src/main.c:795:14: warning: variable 'sensor_data' set but not used [-Wunused-but-set-variable]
  795 |   SensorData sensor_data = jaiabot_sensor_protobuf_SensorData_init_zero;
      |              ^~~~~~~~~~~
../Core/Src/main.c: In function 'transmit_aml_data':
../Core/Src/main.c:830:21: warning: unused variable 'transmit_status' [-Wunused-variable]
  830 |   HAL_StatusTypeDef transmit_status = HAL_UART_Transmit(&huart2, uart1txbuff, sizeof(uart1txbuff), HAL_MAX_DELAY);
      |                     ^~~~~~~~~~~~~~~
../Core/Src/main.c: In function 'HAL_UARTEx_RxEventCallback':
../Core/Src/main.c:1600:29: warning: pointer targets in passing argument 1 of 'strcpy' differ in signedness [-Wpointer-sign]
 1600 |       strcpy(uQueue.msgQueue[uQueue.wIndex], uartrxbuff);
      |              ~~~~~~~~~~~~~~~^~~~~~~~~~~~~~~
      |                             |
      |                             uint8_t * {aka unsigned char *}
In file included from ../Core/Inc/command.h:14,
                 from ../Core/Inc/main.h:35,
                 from ../Core/Src/main.c:20:
C:\ST\STM32CubeIDE_2.0.0\STM32CubeIDE\plugins\com.st.stm32cube.ide.mcu.externaltools.gnu-tools-for-stm32.13.3.rel1.win32_1.0.100.202509120712\tools\bin/../lib/gcc/arm-none-eabi/13.3.1/../../../../arm-none-eabi/include/string.h:38:18: note: expected 'char * restrict' but argument is of type 'uint8_t *' {aka 'unsigned char *'}
   38 | char    *strcpy (char *__restrict, const char *__restrict);
      |                  ^
../Core/Src/main.c:1600:46: warning: pointer targets in passing argument 2 of 'strcpy' differ in signedness [-Wpointer-sign]
 1600 |       strcpy(uQueue.msgQueue[uQueue.wIndex], uartrxbuff);
      |                                              ^~~~~~~~~~
      |                                              |
      |                                              uint8_t * {aka unsigned char *}
C:\ST\STM32CubeIDE_2.0.0\STM32CubeIDE\plugins\com.st.stm32cube.ide.mcu.externaltools.gnu-tools-for-stm32.13.3.rel1.win32_1.0.100.202509120712\tools\bin/../lib/gcc/arm-none-eabi/13.3.1/../../../../arm-none-eabi/include/string.h:38:36: note: expected 'const char * restrict' but argument is of type 'uint8_t *' {aka 'unsigned char *'}
   38 | char    *strcpy (char *__restrict, const char *__restrict);
      |                                    ^
../Core/Src/main.c: In function 'jumpToBootloader':
../Core/Src/main.c:1667:14: warning: unused variable 'errorCode' [-Wunused-variable]
 1667 |     uint32_t errorCode = HAL_FLASH_GetError();
      |              ^~~~~~~~~
../Core/Src/main.c:1678:14: warning: unused variable 'errorCode' [-Wunused-variable]
 1678 |     uint32_t errorCode = HAL_FLASH_GetError();
      |              ^~~~~~~~~
arm-none-eabi-gcc -o "JAIA_BIO-PAYLOAD.elf" @"objects.list"   -mcpu=cortex-m4 -T"C:\Users\NickMarshall\stm32\JAIA_BIO-PAYLOAD\STM32L433RCTX_FLASH.ld" --specs=nosys.specs -Wl,-Map="JAIA_BIO-PAYLOAD.map" -Wl,--gc-sections -static --specs=nano.specs -mfpu=fpv4-sp-d16 -mfloat-abi=hard -mthumb -u _printf_float -Wl,--start-group -lc -lm -Wl,--end-group
Finished building target: JAIA_BIO-PAYLOAD.elf
 
arm-none-eabi-size  JAIA_BIO-PAYLOAD.elf 
arm-none-eabi-objdump -h -S JAIA_BIO-PAYLOAD.elf  > "JAIA_BIO-PAYLOAD.list"
arm-none-eabi-objcopy  -O ihex JAIA_BIO-PAYLOAD.elf  "JAIA_BIO-PAYLOAD.hex"
   text	   data	    bss	    dec	    hex	filename
  92116	    500	  13480	 106096	  19e70	JAIA_BIO-PAYLOAD.elf
Finished building: default.size.stdout
 
Finished building: JAIA_BIO-PAYLOAD.hex
 
Finished building: JAIA_BIO-PAYLOAD.list
 
